// Jest Snapshot v1, https://goo.gl/fbAQLP

exports[`PasswordInput renders 1`] = `
<div>
  <TextInput
    changePasswordVisibilityStatus={[Function]}
    className=""
    dark={false}
    disabled={false}
    errorMessage=""
    id="password"
    inputDidChange={false}
    inputError=""
    isValid={true}
    label="password"
    name="password"
    onBlur={null}
    onChange={[Function]}
    placeholder="Password"
    shouldShowVisibility={true}
    showPasswordStrength={true}
    type="password"
    value=""
  />
</div>
`;
