// Jest Snapshot v1, https://goo.gl/fbAQLP

exports[`SwapMode renders 1`] = `
<SwapMode
  age={
    Object {
      "data": Object {
        "age": "12",
      },
      "fetched": false,
    }
  }
  authData={
    Object {
      "accessToken": "token",
      "email": "joe.doe@test.com",
      "refreshToken": "token",
      "subscriber_id": 1,
    }
  }
  getMarkets={[MockFunction]}
  getUserInformation={[MockFunction]}
  history={
    Object {
      "goBack": [MockFunction],
      "location": Object {
        "hash": "",
        "key": "1",
        "pathname": "/",
        "search": "/",
      },
      "push": [MockFunction],
    }
  }
  isTokenRefreshed={false}
  markets={
    Array [
      Object {
        "id": 1,
        "market_name": "Texas",
      },
    ]
  }
  selectUserLocation={[MockFunction]}
  subscriber={
    Object {
      "fetched": false,
      "fetching": false,
      "user": Object {
        "dob": "01/01/1999",
        "email": "john.doe@test.com",
        "first_name": "John",
        "last_name": "Doe",
        "phone": "123",
      },
    }
  }
  swap={
    Object {
      "data": Object {},
      "swap": true,
    }
  }
  swapMode={true}
>
  <div />
</SwapMode>
`;
