// Jest Snapshot v1, https://goo.gl/fbAQLP

exports[`AddPhotoModal renders 1`] = `
<DialogModal
  blueButtonClick={[Function]}
  blueButtonText="Take Photo"
  className="modal-body-class"
  closeModal={[Function]}
  isBlueButtonDisabled={true}
  modalIsVisible={true}
  modalTitle="Front of license"
  whiteButtonClick={[Function]}
  whiteButtonText="Back"
>
  <Camera
    closeCamera={false}
    height={300}
    onCameraAccessFail={[Function]}
    onCameraAccessSuccess={[Function]}
    onTakingPhoto={[Function]}
    takePhoto={false}
    width={500}
  />
</DialogModal>
`;
