// Jest Snapshot v1, https://goo.gl/fbAQLP

exports[`ZipCodeInput renders 1`] = `
<TextInput
  changePasswordVisibilityStatus={[Function]}
  className=""
  dark={true}
  disabled={false}
  errorMessage=""
  id="input-zip-code"
  inputDidChange={false}
  isValid={true}
  label=""
  name=""
  onBlur={null}
  onChange={[Function]}
  placeholder="Zip Code"
  shouldShowVisibility={false}
  type="text"
  value=""
/>
`;
