// Jest Snapshot v1, https://goo.gl/fbAQLP

exports[`OrderSummaryModal renders 1`] = `
ShallowWrapper {
  "length": 1,
  Symbol(enzyme.__root__): [Circular],
  Symbol(enzyme.__unrendered__): <OrderSummaryModal
    charge_date="00/00/000"
    closeOrderSummaryModal={[MockFunction]}
    confirmSubscriptionMileChanges={[MockFunction]}
    excess_mile_charge={0}
    isFetching={false}
    isOrderSummaryModalVisible={true}
    monthly_miles={0}
    monthly_subscription_price={0}
    over_mileage_charge={0}
    subscription_cost={0}
    subscription_id="0"
    tax={0}
  />,
  Symbol(enzyme.__renderer__): Object {
    "batchedUpdates": [Function],
    "getNode": [Function],
    "render": [Function],
    "simulateEvent": [Function],
    "unmount": [Function],
  },
  Symbol(enzyme.__node__): Object {
    "instance": null,
    "key": undefined,
    "nodeType": "function",
    "props": Object {
      "blueButtonClick": [MockFunction],
      "blueButtonText": "Confirm Change",
      "children": <div
        className="order-summary-container"
      >
        <h2>
          Order Summary
        </h2>
        <p
          className="order-summary-info"
        >
          Below are the changes for your upcoming subscription. You will be able to make edits to your subscription at anytime prior to your billing date.
        </p>
        <div
          className="order-summary-details"
        >
          <span>
            New Charge Date 
          </span>
          <span>
            Invalid date
          </span>
        </div>
        <div
          className="order-summary-details"
        >
          <span>
            Base Subscription Fee
          </span>
          <span>
            $0.00
          </span>
        </div>
        <div
          className="order-summary-details"
        >
          <span>
            0 Miles Per Month
          </span>
          <span>
            +$0.00
          </span>
        </div>
        <div
          className="order-summary-details"
        >
          <span>
            Taxes
          </span>
          <span>
            $0.00
          </span>
        </div>
        <div
          className="order-summary-details"
        >
          <span>
            New Recurring Subscription Fee
          </span>
          <span>
            $0.00
          </span>
        </div>
        <p
          className="exceed-miles-info"
        >
          If you exceed your monthly miles you will be charged $0.00
						per mile. Please refer to our FAQs for more information
						on how we charge for exceeding your monthly miles and exceeding
						your vehicle available miles
        </p>
      </div>,
      "closeModal": [MockFunction],
      "footer": true,
      "isBlueButtoDisabled": false,
      "modalIsVisible": true,
      "modalTitle": "",
      "whiteButtonClick": [MockFunction],
      "whiteButtonText": "Cancel",
    },
    "ref": null,
    "rendered": Object {
      "instance": null,
      "key": undefined,
      "nodeType": "host",
      "props": Object {
        "children": Array [
          <h2>
            Order Summary
          </h2>,
          <p
            className="order-summary-info"
          >
            Below are the changes for your upcoming subscription. You will be able to make edits to your subscription at anytime prior to your billing date.
          </p>,
          <div
            className="order-summary-details"
          >
            <span>
              New Charge Date 
            </span>
            <span>
              Invalid date
            </span>
          </div>,
          <div
            className="order-summary-details"
          >
            <span>
              Base Subscription Fee
            </span>
            <span>
              $0.00
            </span>
          </div>,
          <div
            className="order-summary-details"
          >
            <span>
              0 Miles Per Month
            </span>
            <span>
              +$0.00
            </span>
          </div>,
          <div
            className="order-summary-details"
          >
            <span>
              Taxes
            </span>
            <span>
              $0.00
            </span>
          </div>,
          <div
            className="order-summary-details"
          >
            <span>
              New Recurring Subscription Fee
            </span>
            <span>
              $0.00
            </span>
          </div>,
          <p
            className="exceed-miles-info"
          >
            If you exceed your monthly miles you will be charged $0.00
						per mile. Please refer to our FAQs for more information
						on how we charge for exceeding your monthly miles and exceeding
						your vehicle available miles
          </p>,
        ],
        "className": "order-summary-container",
      },
      "ref": null,
      "rendered": Array [
        Object {
          "instance": null,
          "key": undefined,
          "nodeType": "host",
          "props": Object {
            "children": "Order Summary",
          },
          "ref": null,
          "rendered": "Order Summary",
          "type": "h2",
        },
        Object {
          "instance": null,
          "key": undefined,
          "nodeType": "host",
          "props": Object {
            "children": "Below are the changes for your upcoming subscription. You will be able to make edits to your subscription at anytime prior to your billing date.",
            "className": "order-summary-info",
          },
          "ref": null,
          "rendered": "Below are the changes for your upcoming subscription. You will be able to make edits to your subscription at anytime prior to your billing date.",
          "type": "p",
        },
        Object {
          "instance": null,
          "key": undefined,
          "nodeType": "host",
          "props": Object {
            "children": Array [
              <span>
                New Charge Date 
              </span>,
              <span>
                Invalid date
              </span>,
            ],
            "className": "order-summary-details",
          },
          "ref": null,
          "rendered": Array [
            Object {
              "instance": null,
              "key": undefined,
              "nodeType": "host",
              "props": Object {
                "children": "New Charge Date ",
              },
              "ref": null,
              "rendered": "New Charge Date ",
              "type": "span",
            },
            Object {
              "instance": null,
              "key": undefined,
              "nodeType": "host",
              "props": Object {
                "children": "Invalid date",
              },
              "ref": null,
              "rendered": "Invalid date",
              "type": "span",
            },
          ],
          "type": "div",
        },
        Object {
          "instance": null,
          "key": undefined,
          "nodeType": "host",
          "props": Object {
            "children": Array [
              <span>
                Base Subscription Fee
              </span>,
              <span>
                $0.00
              </span>,
            ],
            "className": "order-summary-details",
          },
          "ref": null,
          "rendered": Array [
            Object {
              "instance": null,
              "key": undefined,
              "nodeType": "host",
              "props": Object {
                "children": "Base Subscription Fee",
              },
              "ref": null,
              "rendered": "Base Subscription Fee",
              "type": "span",
            },
            Object {
              "instance": null,
              "key": undefined,
              "nodeType": "host",
              "props": Object {
                "children": "$0.00",
              },
              "ref": null,
              "rendered": "$0.00",
              "type": "span",
            },
          ],
          "type": "div",
        },
        Object {
          "instance": null,
          "key": undefined,
          "nodeType": "host",
          "props": Object {
            "children": Array [
              <span>
                0 Miles Per Month
              </span>,
              <span>
                +$0.00
              </span>,
            ],
            "className": "order-summary-details",
          },
          "ref": null,
          "rendered": Array [
            Object {
              "instance": null,
              "key": undefined,
              "nodeType": "host",
              "props": Object {
                "children": "0 Miles Per Month",
              },
              "ref": null,
              "rendered": "0 Miles Per Month",
              "type": "span",
            },
            Object {
              "instance": null,
              "key": undefined,
              "nodeType": "host",
              "props": Object {
                "children": "+$0.00",
              },
              "ref": null,
              "rendered": "+$0.00",
              "type": "span",
            },
          ],
          "type": "div",
        },
        Object {
          "instance": null,
          "key": undefined,
          "nodeType": "host",
          "props": Object {
            "children": Array [
              <span>
                Taxes
              </span>,
              <span>
                $0.00
              </span>,
            ],
            "className": "order-summary-details",
          },
          "ref": null,
          "rendered": Array [
            Object {
              "instance": null,
              "key": undefined,
              "nodeType": "host",
              "props": Object {
                "children": "Taxes",
              },
              "ref": null,
              "rendered": "Taxes",
              "type": "span",
            },
            Object {
              "instance": null,
              "key": undefined,
              "nodeType": "host",
              "props": Object {
                "children": "$0.00",
              },
              "ref": null,
              "rendered": "$0.00",
              "type": "span",
            },
          ],
          "type": "div",
        },
        Object {
          "instance": null,
          "key": undefined,
          "nodeType": "host",
          "props": Object {
            "children": Array [
              <span>
                New Recurring Subscription Fee
              </span>,
              <span>
                $0.00
              </span>,
            ],
            "className": "order-summary-details",
          },
          "ref": null,
          "rendered": Array [
            Object {
              "instance": null,
              "key": undefined,
              "nodeType": "host",
              "props": Object {
                "children": "New Recurring Subscription Fee",
              },
              "ref": null,
              "rendered": "New Recurring Subscription Fee",
              "type": "span",
            },
            Object {
              "instance": null,
              "key": undefined,
              "nodeType": "host",
              "props": Object {
                "children": "$0.00",
              },
              "ref": null,
              "rendered": "$0.00",
              "type": "span",
            },
          ],
          "type": "div",
        },
        Object {
          "instance": null,
          "key": undefined,
          "nodeType": "host",
          "props": Object {
            "children": "If you exceed your monthly miles you will be charged $0.00
						per mile. Please refer to our FAQs for more information
						on how we charge for exceeding your monthly miles and exceeding
						your vehicle available miles",
            "className": "exceed-miles-info",
          },
          "ref": null,
          "rendered": "If you exceed your monthly miles you will be charged $0.00
						per mile. Please refer to our FAQs for more information
						on how we charge for exceeding your monthly miles and exceeding
						your vehicle available miles",
          "type": "p",
        },
      ],
      "type": "div",
    },
    "type": [Function],
  },
  Symbol(enzyme.__nodes__): Array [
    Object {
      "instance": null,
      "key": undefined,
      "nodeType": "function",
      "props": Object {
        "blueButtonClick": [MockFunction],
        "blueButtonText": "Confirm Change",
        "children": <div
          className="order-summary-container"
        >
          <h2>
            Order Summary
          </h2>
          <p
            className="order-summary-info"
          >
            Below are the changes for your upcoming subscription. You will be able to make edits to your subscription at anytime prior to your billing date.
          </p>
          <div
            className="order-summary-details"
          >
            <span>
              New Charge Date 
            </span>
            <span>
              Invalid date
            </span>
          </div>
          <div
            className="order-summary-details"
          >
            <span>
              Base Subscription Fee
            </span>
            <span>
              $0.00
            </span>
          </div>
          <div
            className="order-summary-details"
          >
            <span>
              0 Miles Per Month
            </span>
            <span>
              +$0.00
            </span>
          </div>
          <div
            className="order-summary-details"
          >
            <span>
              Taxes
            </span>
            <span>
              $0.00
            </span>
          </div>
          <div
            className="order-summary-details"
          >
            <span>
              New Recurring Subscription Fee
            </span>
            <span>
              $0.00
            </span>
          </div>
          <p
            className="exceed-miles-info"
          >
            If you exceed your monthly miles you will be charged $0.00
						per mile. Please refer to our FAQs for more information
						on how we charge for exceeding your monthly miles and exceeding
						your vehicle available miles
          </p>
        </div>,
        "closeModal": [MockFunction],
        "footer": true,
        "isBlueButtoDisabled": false,
        "modalIsVisible": true,
        "modalTitle": "",
        "whiteButtonClick": [MockFunction],
        "whiteButtonText": "Cancel",
      },
      "ref": null,
      "rendered": Object {
        "instance": null,
        "key": undefined,
        "nodeType": "host",
        "props": Object {
          "children": Array [
            <h2>
              Order Summary
            </h2>,
            <p
              className="order-summary-info"
            >
              Below are the changes for your upcoming subscription. You will be able to make edits to your subscription at anytime prior to your billing date.
            </p>,
            <div
              className="order-summary-details"
            >
              <span>
                New Charge Date 
              </span>
              <span>
                Invalid date
              </span>
            </div>,
            <div
              className="order-summary-details"
            >
              <span>
                Base Subscription Fee
              </span>
              <span>
                $0.00
              </span>
            </div>,
            <div
              className="order-summary-details"
            >
              <span>
                0 Miles Per Month
              </span>
              <span>
                +$0.00
              </span>
            </div>,
            <div
              className="order-summary-details"
            >
              <span>
                Taxes
              </span>
              <span>
                $0.00
              </span>
            </div>,
            <div
              className="order-summary-details"
            >
              <span>
                New Recurring Subscription Fee
              </span>
              <span>
                $0.00
              </span>
            </div>,
            <p
              className="exceed-miles-info"
            >
              If you exceed your monthly miles you will be charged $0.00
						per mile. Please refer to our FAQs for more information
						on how we charge for exceeding your monthly miles and exceeding
						your vehicle available miles
            </p>,
          ],
          "className": "order-summary-container",
        },
        "ref": null,
        "rendered": Array [
          Object {
            "instance": null,
            "key": undefined,
            "nodeType": "host",
            "props": Object {
              "children": "Order Summary",
            },
            "ref": null,
            "rendered": "Order Summary",
            "type": "h2",
          },
          Object {
            "instance": null,
            "key": undefined,
            "nodeType": "host",
            "props": Object {
              "children": "Below are the changes for your upcoming subscription. You will be able to make edits to your subscription at anytime prior to your billing date.",
              "className": "order-summary-info",
            },
            "ref": null,
            "rendered": "Below are the changes for your upcoming subscription. You will be able to make edits to your subscription at anytime prior to your billing date.",
            "type": "p",
          },
          Object {
            "instance": null,
            "key": undefined,
            "nodeType": "host",
            "props": Object {
              "children": Array [
                <span>
                  New Charge Date 
                </span>,
                <span>
                  Invalid date
                </span>,
              ],
              "className": "order-summary-details",
            },
            "ref": null,
            "rendered": Array [
              Object {
                "instance": null,
                "key": undefined,
                "nodeType": "host",
                "props": Object {
                  "children": "New Charge Date ",
                },
                "ref": null,
                "rendered": "New Charge Date ",
                "type": "span",
              },
              Object {
                "instance": null,
                "key": undefined,
                "nodeType": "host",
                "props": Object {
                  "children": "Invalid date",
                },
                "ref": null,
                "rendered": "Invalid date",
                "type": "span",
              },
            ],
            "type": "div",
          },
          Object {
            "instance": null,
            "key": undefined,
            "nodeType": "host",
            "props": Object {
              "children": Array [
                <span>
                  Base Subscription Fee
                </span>,
                <span>
                  $0.00
                </span>,
              ],
              "className": "order-summary-details",
            },
            "ref": null,
            "rendered": Array [
              Object {
                "instance": null,
                "key": undefined,
                "nodeType": "host",
                "props": Object {
                  "children": "Base Subscription Fee",
                },
                "ref": null,
                "rendered": "Base Subscription Fee",
                "type": "span",
              },
              Object {
                "instance": null,
                "key": undefined,
                "nodeType": "host",
                "props": Object {
                  "children": "$0.00",
                },
                "ref": null,
                "rendered": "$0.00",
                "type": "span",
              },
            ],
            "type": "div",
          },
          Object {
            "instance": null,
            "key": undefined,
            "nodeType": "host",
            "props": Object {
              "children": Array [
                <span>
                  0 Miles Per Month
                </span>,
                <span>
                  +$0.00
                </span>,
              ],
              "className": "order-summary-details",
            },
            "ref": null,
            "rendered": Array [
              Object {
                "instance": null,
                "key": undefined,
                "nodeType": "host",
                "props": Object {
                  "children": "0 Miles Per Month",
                },
                "ref": null,
                "rendered": "0 Miles Per Month",
                "type": "span",
              },
              Object {
                "instance": null,
                "key": undefined,
                "nodeType": "host",
                "props": Object {
                  "children": "+$0.00",
                },
                "ref": null,
                "rendered": "+$0.00",
                "type": "span",
              },
            ],
            "type": "div",
          },
          Object {
            "instance": null,
            "key": undefined,
            "nodeType": "host",
            "props": Object {
              "children": Array [
                <span>
                  Taxes
                </span>,
                <span>
                  $0.00
                </span>,
              ],
              "className": "order-summary-details",
            },
            "ref": null,
            "rendered": Array [
              Object {
                "instance": null,
                "key": undefined,
                "nodeType": "host",
                "props": Object {
                  "children": "Taxes",
                },
                "ref": null,
                "rendered": "Taxes",
                "type": "span",
              },
              Object {
                "instance": null,
                "key": undefined,
                "nodeType": "host",
                "props": Object {
                  "children": "$0.00",
                },
                "ref": null,
                "rendered": "$0.00",
                "type": "span",
              },
            ],
            "type": "div",
          },
          Object {
            "instance": null,
            "key": undefined,
            "nodeType": "host",
            "props": Object {
              "children": Array [
                <span>
                  New Recurring Subscription Fee
                </span>,
                <span>
                  $0.00
                </span>,
              ],
              "className": "order-summary-details",
            },
            "ref": null,
            "rendered": Array [
              Object {
                "instance": null,
                "key": undefined,
                "nodeType": "host",
                "props": Object {
                  "children": "New Recurring Subscription Fee",
                },
                "ref": null,
                "rendered": "New Recurring Subscription Fee",
                "type": "span",
              },
              Object {
                "instance": null,
                "key": undefined,
                "nodeType": "host",
                "props": Object {
                  "children": "$0.00",
                },
                "ref": null,
                "rendered": "$0.00",
                "type": "span",
              },
            ],
            "type": "div",
          },
          Object {
            "instance": null,
            "key": undefined,
            "nodeType": "host",
            "props": Object {
              "children": "If you exceed your monthly miles you will be charged $0.00
						per mile. Please refer to our FAQs for more information
						on how we charge for exceeding your monthly miles and exceeding
						your vehicle available miles",
              "className": "exceed-miles-info",
            },
            "ref": null,
            "rendered": "If you exceed your monthly miles you will be charged $0.00
						per mile. Please refer to our FAQs for more information
						on how we charge for exceeding your monthly miles and exceeding
						your vehicle available miles",
            "type": "p",
          },
        ],
        "type": "div",
      },
      "type": [Function],
    },
  ],
  Symbol(enzyme.__options__): Object {
    "adapter": ReactSixteenAdapter {
      "options": Object {
        "enableComponentDidUpdateOnSetState": true,
      },
    },
  },
}
`;
