// Jest Snapshot v1, https://goo.gl/fbAQLP

exports[`EmailInput renders 1`] = `
<div>
  <TextInput
    changePasswordVisibilityStatus={[Function]}
    className=""
    dark={false}
    disabled={false}
    errorMessage=""
    id="email"
    inputDidChange={false}
    isValid={true}
    label=""
    name="email"
    onBlur={null}
    onChange={[Function]}
    placeholder=""
    shouldShowCheckMark={false}
    shouldShowVisibility={false}
    type="email"
    value=""
  />
</div>
`;
